
C:\Users\lhlee\AppData\Local\Temp\scoped_dir22232_937534365>set NODE_PATH=C:\Cadence\ORCADX~1.1\share\orApps\ORDMSE~1\..\..\orJSLibs\orcad\node_modules 

C:\Users\lhlee\AppData\Local\Temp\scoped_dir22232_937534365>C:\Cadence\ORCADX~1.1\share\orApps\ORDMSE~1\..\..\..\tools\nodejs\20.15.1\node.exe C:\Cadence\ORCADX~1.1\share\orApps\ORDMSE~1\orDMServer.js orcapture 
HOME:C:/Users/lhlee/AppData/Roaming/SPB_Data
Server is running @ http://0.0.0.0:60932 at time : Sat Jun 07 2025 21:51:11 GMT-0500 (Central Daylight Time) Tool:Capture
[INFO][2025:06:07-21:51:11:394] - Number of files added:47
[INFO][2025:06:07-21:51:11:709] - Number of files deleted:0
[INFO][2025:06:07-21:51:11:712] - Folder Path:C:/Users/lhlee/AppData/Roaming/SPB_Data/cdssetup/workspace
[INFO][2025:06:07-21:51:11:740] - Downloading component database
START SUCCESS
[INFO][2025:06:07-21:51:11:771] - Home:C:\Users\lhlee\AppData\Roaming\SPB_Data
[INFO][2025:06:07-21:51:11:772] - UserName:lawrence.lee@my.utsa.edu
[INFO][2025:06:07-21:51:11:788] - Server is running @ http://0.0.0.0:60932 at time : Sat Jun 07 2025 21:51:11 GMT-0500 (Central Daylight Time) Tool:Capture
[INFO][2025:06:07-21:51:11:810] - Port:60932 Cloud Server - https://pcb.cadence.com
[INFO][2025:06:07-21:51:11:832] - Logging State: OFF
HOME:C:/Users/lhlee/AppData/Roaming/SPB_Data

C:\Users\lhlee\AppData\Roaming\SPB_Data>set NODE_PATH=C:\Cadence\ORCADX~1.1\share\orApps\ORDMSE~1\..\..\orJSLibs\orcad\node_modules 

C:\Users\lhlee\AppData\Roaming\SPB_Data>C:\Cadence\ORCADX~1.1\share\orApps\ORDMSE~1\..\..\..\tools\nodejs\20.15.1\node.exe C:\Cadence\ORCADX~1.1\share\orApps\ORDMSE~1\orDMServer.js orcapture 
HOME:C:/Users/lhlee/AppData/Roaming/SPB_Data
Server is running @ http://0.0.0.0:61980 at time : Sat Jun 07 2025 22:40:52 GMT-0500 (Central Daylight Time) Tool:Capture
[INFO][2025:06:07-22:40:52:342] - Number of files added:29
[INFO][2025:06:07-22:40:52:495] - Number of files deleted:2
[INFO][2025:06:07-22:40:52:508] - Folder Path:C:/Users/lhlee/AppData/Roaming/SPB_Data/cdssetup/workspace
START SUCCESS
[INFO][2025:06:07-22:40:52:523] - Home:C:\Users\lhlee\AppData\Roaming\SPB_Data
[INFO][2025:06:07-22:40:52:529] - UserName:lawrence.lee@my.utsa.edu
[INFO][2025:06:07-22:40:52:545] - Server is running @ http://0.0.0.0:61980 at time : Sat Jun 07 2025 22:40:52 GMT-0500 (Central Daylight Time) Tool:Capture
[INFO][2025:06:07-22:40:52:568] - Port:61980 Cloud Server - https://pcb.cadence.com
[INFO][2025:06:07-22:40:52:590] - Logging State: OFF
HOME:C:/Users/lhlee/AppData/Roaming/SPB_Data
{
  statusCode: 500,
  STATUS: 'ERROR',
  message: 'RDS connection for TS Failed. Server reset or database failure'
}

C:\Windows\System32>set NODE_PATH=c:\Cadence\ORCADX~1.1\share\orApps\ORDMSE~1\..\..\orJSLibs\orcad\node_modules 

C:\Windows\System32>c:\Cadence\ORCADX~1.1\share\orApps\ORDMSE~1\..\..\..\tools\nodejs\20.15.1\node.exe c:\Cadence\ORCADX~1.1\share\orApps\ORDMSE~1\orDMServer.js orcapture 
HOME:C:/Users/lhlee/AppData/Roaming/SPB_Data
Server is running @ http://0.0.0.0:64896 at time : Sat Jun 21 2025 22:29:05 GMT-0500 (Central Daylight Time) Tool:Capture
[INFO][2025:06:21-22:29:5:772] - Number of files added:9
[INFO][2025:06:21-22:29:5:774] - Number of files deleted:0
[INFO][2025:06:21-22:29:5:793] - Folder Path:C:/Users/lhlee/AppData/Roaming/SPB_Data/cdssetup/workspace
START SUCCESS
[INFO][2025:06:21-22:29:5:866] - Home:C:\Users\lhlee\AppData\Roaming\SPB_Data
[INFO][2025:06:21-22:29:5:867] - UserName:lawrence.lee@my.utsa.edu
[INFO][2025:06:21-22:29:5:881] - Server is running @ http://0.0.0.0:64896 at time : Sat Jun 21 2025 22:29:05 GMT-0500 (Central Daylight Time) Tool:Capture
[INFO][2025:06:21-22:29:5:894] - Port:64896 Cloud Server - https://pcb.cadence.com
[INFO][2025:06:21-22:29:5:910] - Logging State: OFF
HOME:C:/Users/lhlee/AppData/Roaming/SPB_Data
